[www.terryplumming.com/index.html]
[lhohq.info/index.html]
[appliedchaosdynamicscontrolassociation.net/index.html]
[backblue.gif]
[fade.gif]
[index.html]
[nofear.com/index.html]
[lhohq.info/hovermotionbg.gif]
[lhohq.info/lhohq.html]
[lhohq.info/nutrients/index.html]
[lhohq.info/atlantic-research-corporation-and-the-ufo-phenomenon.jpg]
[lhohq.info/444.gif]
[lhohq.info/index.html]
[scarfolk.blogspot.com/index.html]
[appliedchaosdynamicscontrolassociation.net/acdca-logo.mp4]
[appliedchaosdynamicscontrolassociation.net/acdca-logo.webm]
[appliedchaosdynamicscontrolassociation.net/acdca-logo.ogg]
[appliedchaosdynamicscontrolassociation.net/index.html]
[www.terryplumming.com/catalog.pdf]
[www.terryplumming.com/terryplumming.pdf]
[www.terryplumming.com/magazines/tp01_HZ-1D8/tp01.pdf]
[www.terryplumming.com/index-2.html]
[www.terryplumming.com/magazines/tp01_HZ-1D8/tp01/01 - dan layne - terry plumming compilation 1 hz-1d8 - excerpt from 'oxdident'.mp3]
[www.terryplumming.com/magazines/tp01_HZ-1D8/tp01/02 - the machinist (aka brian klein) - terry plumming compilation 1 hz-1d8 - 5-30.mp3]
[www.terryplumming.com/magazines/tp01_HZ-1D8/tp01/03 - vlad poindexter and the satellites - terry plumming compilation 1 hz-1d8 - untitled.mp3]
